
> frontend@0.1.0 build
> next build --webpack

Γû▓ Next.js 16.1.6 (webpack)
- Environments: .env.local

npm : ΓÜá The "middleware" file convention is deprecated. Please use "proxy" instead. Learn more: 
https://nextjs.org/docs/messages/middleware-to-proxy
At line:1 char:1
+ npm run build 2>&1 | Out-File -FilePath "build_output.txt" -Encoding  ...
+ ~~~~~~~~~~~~~~~~~~
    + CategoryInfo          : NotSpecified: (ΓÜá The "middle...leware-to-proxy:String) [], RemoteException
    + FullyQualifiedErrorId : NativeCommandError
 
  Creating an optimized production build ...
 Γ£ô (pwa) Compiling for server...
 Γ£ô (pwa) Compiling for server...
 Γ£ô (pwa) Compiling for client (static)...
 Γùï (pwa) Service worker: D:\fi_elsekka_drive\FI-ELSEKKA-drive - flutter\frontend\public\sw.js
 Γùï (pwa)   URL: /sw.js
 Γùï (pwa)   Scope: /
 Γ£ô (pwa) Found a custom worker implementation at D:\fi_elsekka_drive\FI-ELSEKKA-drive - flutter\frontend\worker\index.ts.
 Γ£ô (pwa) Building the custom worker to D:\fi_elsekka_drive\FI-ELSEKKA-drive - flutter\frontend\public\worker-3cb555f88d2a5b80.js...
Γ£ô Compiled successfully in 16.3s
  Running TypeScript ...
  Collecting page data using 11 workers ...
  Generating static pages using 11 workers (0/117) ...
  Generating static pages using 11 workers (29/117) 
  Generating static pages using 11 workers (58/117) 
  Generating static pages using 11 workers (87/117) 
Γ£ô Generating static pages using 11 workers (117/117) in 5.7s
  Finalizing page optimization ...
  Collecting build traces ...

Route (app)                                     Revalidate  Expire
Γöî Γùï /                                                   1m      1y
Γö£ Γùï /_not-found                                         1m      1y
Γö£ Γùï /about                                              1m      1y
Γö£ Γùï /account                                            1m      1y
Γö£ Γùï /admin                                              1m      1y
Γö£ Γùï /admin/analytics                                    1m      1y
Γö£ ╞Æ /admin/analytics/categories/[id]
Γö£ Γùï /admin/audit-log                                    1m      1y
Γö£ Γùï /admin/backup                                       1m      1y
Γö£ Γùï /admin/categories                                   1m      1y
Γö£ Γùï /admin/discounts                                    1m      1y
Γö£ Γùï /admin/dispatch                                     1m      1y
Γö£ ╞Æ /admin/drivers
Γö£ ╞Æ /admin/drivers/[id]
Γö£ Γùï /admin/login                                        1m      1y
Γö£ Γùï /admin/notifications                                1m      1y
Γö£ Γùï /admin/operations                                   1m      1y
Γö£ Γùï /admin/orders                                       1m      1y
Γö£ Γùï /admin/orders/search-requests                       1m      1y
Γö£ Γùï /admin/products                                     1m      1y
Γö£ Γùï /admin/promotions                                   1m      1y
Γö£ Γùï /admin/restaurants                                  1m      1y
Γö£ ╞Æ /admin/restaurants/[id]
Γö£ ╞Æ /admin/restaurants/overview/[id]
Γö£ Γùï /admin/reviews                                      1m      1y
Γö£ Γùï /admin/search                                       1m      1y
Γö£ Γùï /admin/settings                                     1m      1y
Γö£ Γùï /admin/staff                                        1m      1y
Γö£ Γùï /admin/support                                      1m      1y
Γö£ ╞Æ /admin/support/[id]
Γö£ ╞Æ /admin/trips
Γö£ ╞Æ /admin/trips/[id]
Γö£ Γùï /admin/users                                        1m      1y
Γö£ Γùï /admin/vehicles                                     1m      1y
Γö£ ╞Æ /api/admin/analytics/visits
Γö£ ╞Æ /api/admin/backup/export
Γö£ ╞Æ /api/admin/backup/restore
Γö£ ╞Æ /api/admin/broadcast-offers
Γö£ ╞Æ /api/admin/create-driver
Γö£ ╞Æ /api/admin/delete-driver
Γö£ ╞Æ /api/admin/drivers/[id]
Γö£ ╞Æ /api/admin/experimental/clear-all
Γö£ ╞Æ /api/admin/notify-driver
Γö£ ╞Æ /api/admin/orders/[id]
Γö£ ╞Æ /api/admin/platform/announcements
Γö£ ╞Æ /api/admin/platform/dispatch-board
Γö£ ╞Æ /api/admin/platform/drivers
Γö£ ╞Æ /api/admin/platform/drivers/[id]
Γö£ ╞Æ /api/admin/platform/drivers/[id]/documents
Γö£ ╞Æ /api/admin/platform/notifications
Γö£ ╞Æ /api/admin/platform/notifications/[id]
Γö£ ╞Æ /api/admin/platform/support/[id]
Γö£ ╞Æ /api/admin/platform/trips/[id]
Γö£ ╞Æ /api/admin/platform/vehicles/[id]
Γö£ ╞Æ /api/admin/restaurants/[id]
Γö£ ╞Æ /api/admin/restaurants/account
Γö£ ╞Æ /api/admin/settings
Γö£ ╞Æ /api/admin/staff
Γö£ ╞Æ /api/admin/staff/[id]
Γö£ ╞Æ /api/admin/staff/reset-password
Γö£ ╞Æ /api/admin/update-driver
Γö£ ╞Æ /api/admin/users/cleanup
Γö£ ╞Æ /api/analytics/visit
Γö£ ╞Æ /api/auth/register
Γö£ ╞Æ /api/driver/accept-order
Γö£ ╞Æ /api/driver/history
Γö£ ╞Æ /api/driver/orders
Γö£ ╞Æ /api/driver/quote-order
Γö£ ╞Æ /api/driver/reject-order
Γö£ ╞Æ /api/driver/reviews
Γö£ ╞Æ /api/driver/set-availability
Γö£ ╞Æ /api/driver/subscribe
Γö£ ╞Æ /api/driver/trip-offers
Γö£ ╞Æ /api/driver/trip-offers/[offerId]
Γö£ ╞Æ /api/driver/update-status
Γö£ ╞Æ /api/group-orders
Γö£ ╞Æ /api/group-orders/[code]
Γö£ ╞Æ /api/group-orders/[code]/confirm
Γö£ ╞Æ /api/group-orders/[code]/items
Γö£ ╞Æ /api/group-orders/[code]/items/[itemId]
Γö£ ╞Æ /api/group-orders/[code]/join
Γö£ ╞Æ /api/mobile/auth-role
Γö£ ╞Æ /api/mobile/config
Γö£ ╞Æ /api/mobile/profile/update
Γö£ ╞Æ /api/mobile/push/register
Γö£ ╞Æ /api/mobile/push/unregister
Γö£ ╞Æ /api/notifications/subscribe
Γö£ ╞Æ /api/orders/[id]/admin-alert
Γö£ ╞Æ /api/orders/[id]/cancel
Γö£ ╞Æ /api/orders/[id]/cancel-response
Γö£ ╞Æ /api/orders/[id]/quote-response
Γö£ ╞Æ /api/orders/[id]/restaurant-alert
Γö£ ╞Æ /api/orders/create
Γö£ ╞Æ /api/orders/user
Γö£ ╞Æ /api/restaurant/orders
Γö£ ╞Æ /api/restaurant/orders/[id]/eta
Γö£ ╞Æ /api/rides/[id]
Γö£ ╞Æ /api/rides/[id]/location
Γö£ ╞Æ /api/rides/[id]/review
Γö£ ╞Æ /api/rides/[id]/status
Γö£ ╞Æ /api/rides/community-places
Γö£ ╞Æ /api/rides/estimate
Γö£ ╞Æ /api/rides/history
Γö£ ╞Æ /api/rides/request
Γö£ ╞Æ /api/rides/request-manual
Γö£ ╞Æ /api/rides/reverse-geocode
Γö£ ╞Æ /api/rides/search-locations
Γö£ ╞Æ /api/search
Γö£ ╞Æ /api/system-access/rate-limit
Γö£ ╞Æ /api/test-db
Γö£ ╞Æ /api/version
Γö£ Γùï /book                                               1m      1y
Γö£ Γùï /book/airport                                       1m      1y
Γö£ Γùï /book/ride                                          1m      1y
Γö£ Γùï /captain/join                                       1m      1y
Γö£ ╞Æ /captain/login
Γö£ Γùï /captain/offers                                     1m      1y
Γö£ Γùï /cart                                               1m      1y
Γö£ Γùï /categories                                         1m      1y
Γö£ ╞Æ /category/[slug]
Γö£ ╞Æ /category/[slug]/request
Γö£ Γùï /checkout                                           1m      1y
Γö£ Γùï /checkout/success                                   1m      1y
Γö£ Γùï /contact                                            1m      1y
Γö£ Γùï /driver                                             1m      1y
Γö£ Γùï /driver/history                                     1m      1y
Γö£ Γùï /driver/login                                       1m      1y
Γö£ Γùï /faq                                                1m      1y
Γö£ Γùï /forgot-password                                    1m      1y
Γö£ ╞Æ /group-order/[code]
Γö£ Γùï /icon.svg
Γö£ Γùï /install-app                                        1m      1y
Γö£ Γùï /install-app/poster                                 1m      1y
Γö£ ╞Æ /login
Γö£ Γùï /notifications                                      1m      1y
Γö£ Γùï /offers                                             1m      1y
Γö£ Γùï /order-success                                      1m      1y
Γö£ Γùï /orders                                             1m      1y
Γö£ Γùï /privacy                                            1m      1y
Γö£ ╞Æ /product/[slug]
Γö£ ╞Æ /register
Γö£ Γùï /restaurant                                         1m      1y
Γö£ Γùï /restaurant/login                                   1m      1y
Γö£ ╞Æ /restaurants/[id]
Γö£ Γùï /robots.txt
Γö£ Γùï /sitemap.xml
Γö£ Γùï /support                                            1m      1y
Γö£ ╞Æ /system-access/login
Γö£ Γùï /terms                                              1m      1y
Γö£ Γùï /trip/confirm                                       1m      1y
Γö£ ╞Æ /trip/live
Γö£ Γùï /trips                                              1m      1y
Γö£ ╞Æ /trips/[id]
Γö£ Γùï /update-password                                    1m      1y
Γöö Γùï /welcome                                            1m      1y


╞Æ Proxy (Middleware)

Γùï  (Static)   prerendered as static content
╞Æ  (Dynamic)  server-rendered on demand

